---
source: tests/cli_output_golden.rs
expression: output
---
───────────────────────────────────────────────────────────────────────────────────────────────────────────────────────────────────────────────────────────────────────────────────────────────────
 Severity                                          Rule             Location     Issue                                                         Action 
═══════════════════════════════════════════════════════════════════════════════════════════════════════════════════════════════════════════════════════════════════════════════════════════════════
 ERR                                               statement-count  src/main.rs  Component 'src' has 5000 statements (25%), exceeding thre...  https://github.com/liamwh/raff/docs/statement-count 
───────────────────────────────────────────────────────────────────────────────────────────────────────────────────────────────────────────────────────────────────────────────────────────────────
 WARN                                              coupling         -            Crate 'api' has high instability: Ce=15, Ca=5, I=0.75         https://github.com/liamwh/raff/docs/coupling 
───────────────────────────────────────────────────────────────────────────────────────────────────────────────────────────────────────────────────────────────────────────────────────────────────
 WARN                                              volatility       -            Crate 'my-crate' has high volatility: raw_score=0.85 (alp...  https://github.com/liamwh/raff/docs/volatility 
───────────────────────────────────────────────────────────────────────────────────────────────────────────────────────────────────────────────────────────────────────────────────────────────────
                                                                                                                                                
───────────────────────────────────────────────────────────────────────────────────────────────────────────────────────────────────────────────────────────────────────────────────────────────────
 Summary: 3 issues (1 error, 2 warnings, 0 notes)                                                                                               
───────────────────────────────────────────────────────────────────────────────────────────────────────────────────────────────────────────────────────────────────────────────────────────────────
