---
source: tests/cli_output_golden.rs
expression: output
---
──────────────────────────────────────────────────────────────────────────────────────────────────────────────────────────────────────────────────────────────
 Severity                                         Rule                Location    Issue                                                         Action 
══════════════════════════════════════════════════════════════════════════════════════════════════════════════════════════════════════════════════════════════
 NOTE                                             rust-code-analysis  src/lib.rs  File 'src/lib.rs' metrics: SLOC=150, Cyclomatic Avg=2.5, ...  See rule docs 
──────────────────────────────────────────────────────────────────────────────────────────────────────────────────────────────────────────────────────────────
                                                                                                                                                 
──────────────────────────────────────────────────────────────────────────────────────────────────────────────────────────────────────────────────────────────
 Summary: 1 issue (0 errors, 0 warnings, 1 note)                                                                                                 
──────────────────────────────────────────────────────────────────────────────────────────────────────────────────────────────────────────────────────────────
