---
source: tests/cli_output_golden.rs
expression: output
---
──────────────────────────────────────────────────────────────────────────────────────────────────────────────────────────────────────────────────────────────────────────────────────────────────────────────────
 Severity                                           Rule             Location                   Issue                                                         Action 
══════════════════════════════════════════════════════════════════════════════════════════════════════════════════════════════════════════════════════════════════════════════════════════════════════════════════
 ERR                                                statement-count  tests/integration_test.rs  Component 'tests' has 3000 statements (15%), exceeding th...  https://github.com/liamwh/raff/docs/statement-count 
──────────────────────────────────────────────────────────────────────────────────────────────────────────────────────────────────────────────────────────────────────────────────────────────────────────────────
 ERR                                                statement-count  src/main.rs                Component 'src' has 5000 statements (25%), exceeding thre...  https://github.com/liamwh/raff/docs/statement-count 
──────────────────────────────────────────────────────────────────────────────────────────────────────────────────────────────────────────────────────────────────────────────────────────────────────────────────
                                                                                                                                                               
──────────────────────────────────────────────────────────────────────────────────────────────────────────────────────────────────────────────────────────────────────────────────────────────────────────────────
 Summary: 2 issues (2 errors, 0 warnings, 0 notes)                                                                                                             
──────────────────────────────────────────────────────────────────────────────────────────────────────────────────────────────────────────────────────────────────────────────────────────────────────────────────
