---
source: tests/cli_output_golden.rs
expression: output
---
─────────────────────────────────────────────────────────────────────────────────────────────────────────────────────────────────────────────────────────────────────────────────────────────────────────────────────────
 Severity  Rule       Location  Issue                                                                                                                                                                      Action 
═════════════════════════════════════════════════════════════════════════════════════════════════════════════════════════════════════════════════════════════════════════════════════════════════════════════════════════
 WARN      test-rule  -         This is a very long message that used to be truncated because it exceeds the width of the message column in the CLI table output format, and must now be printed in full.  See rule docs 
─────────────────────────────────────────────────────────────────────────────────────────────────────────────────────────────────────────────────────────────────────────────────────────────────────────────────────────
1 finding (0 errors, 1 warning, 0 notes)
