---
source: tests/cli_output_golden.rs
expression: output
---
──────────────────────────────────────────────────────────────────────────────────────────────────────────────────────────────────────────────────────────────────────────────────────────────────
 Severity                                         Rule             Location     Issue                                                         Action 
══════════════════════════════════════════════════════════════════════════════════════════════════════════════════════════════════════════════════════════════════════════════════════════════════
 ERR                                              statement-count  src/main.rs  Component 'src' has 5000 statements (25%), exceeding thre...  https://github.com/liamwh/raff/docs/statement-count 
──────────────────────────────────────────────────────────────────────────────────────────────────────────────────────────────────────────────────────────────────────────────────────────────────
                                                                                                                                               
──────────────────────────────────────────────────────────────────────────────────────────────────────────────────────────────────────────────────────────────────────────────────────────────────
 Summary: 1 issue (1 error, 0 warnings, 0 notes)                                                                                               
──────────────────────────────────────────────────────────────────────────────────────────────────────────────────────────────────────────────────────────────────────────────────────────────────
