---
source: tests/cli_output_golden.rs
expression: output
---
─────────────────────────────────────────────────────────────────────────────────────────────────────────────────────────────────────────────────────────────────────────────────────
 Severity                                         Rule        Location  Issue                                                         Action 
═════════════════════════════════════════════════════════════════════════════════════════════════════════════════════════════════════════════════════════════════════════════════════
 WARN                                             volatility  -         Crate 'my-crate' has high volatility: raw_score=0.85 (alp...  https://github.com/liamwh/raff/docs/volatility 
─────────────────────────────────────────────────────────────────────────────────────────────────────────────────────────────────────────────────────────────────────────────────────
                                                                                                                                       
─────────────────────────────────────────────────────────────────────────────────────────────────────────────────────────────────────────────────────────────────────────────────────
 Summary: 1 issue (0 errors, 1 warning, 0 notes)                                                                                       
─────────────────────────────────────────────────────────────────────────────────────────────────────────────────────────────────────────────────────────────────────────────────────
