---
source: tests/cli_output_golden.rs
expression: output
---
───────────────────────────────────────────────────────────────────────────────────────────────────────────
 Severity                                          Rule            Location  Issue           Action 
═══════════════════════════════════════════════════════════════════════════════════════════════════════════
 ERR                                               error-rule-2    -         Second error    See rule docs 
───────────────────────────────────────────────────────────────────────────────────────────────────────────
 ERR                                               error-rule-1    -         First error     See rule docs 
───────────────────────────────────────────────────────────────────────────────────────────────────────────
 WARN                                              warning-rule-3  -         Third warning   See rule docs 
───────────────────────────────────────────────────────────────────────────────────────────────────────────
 WARN                                              warning-rule-2  -         Second warning  See rule docs 
───────────────────────────────────────────────────────────────────────────────────────────────────────────
 WARN                                              warning-rule-1  -         First warning   See rule docs 
───────────────────────────────────────────────────────────────────────────────────────────────────────────
 NOTE                                              note-rule       -         A note          See rule docs 
───────────────────────────────────────────────────────────────────────────────────────────────────────────
                                                                                              
───────────────────────────────────────────────────────────────────────────────────────────────────────────
 Summary: 6 issues (2 errors, 3 warnings, 1 note)                                             
───────────────────────────────────────────────────────────────────────────────────────────────────────────
