---
source: tests/cli_output_golden.rs
expression: output
---
──────────────────────────────────────────────────────────────────────────────────────────────────────────────────────────────────────────────
 Severity  Rule        Location  Issue                                                              Action 
══════════════════════════════════════════════════════════════════════════════════════════════════════════════════════════════════════════════
 WARN      volatility  -         Crate 'my-crate' has high volatility: raw_score=0.85 (alpha=0.01)  https://github.com/liamwh/raff#volatility 
──────────────────────────────────────────────────────────────────────────────────────────────────────────────────────────────────────────────
1 finding (0 errors, 1 warning, 0 notes)
