---
source: tests/cli_output_golden.rs
expression: output
---
──────────────────────────────────────────────────────────────────────────────────────────────────────────────
 Severity  Rule        Location  Issue                              Action 
══════════════════════════════════════════════════════════════════════════════════════════════════════════════
 WARN      volatility  -         Crate 'utils' has high volatility  https://github.com/liamwh/raff#volatility 
──────────────────────────────────────────────────────────────────────────────────────────────────────────────
1 finding (0 errors, 1 warning, 0 notes)
