---
source: tests/cli_output_golden.rs
expression: output
---
──────────────────────────────────────────────────────────────────────────────────────────────────────────────────────────────────────────────────────────────────────────────────────────────────────────
 Severity  Rule             Location     Issue                                                                                                             Action 
══════════════════════════════════════════════════════════════════════════════════════════════════════════════════════════════════════════════════════════════════════════════════════════════════════════
 ERR       statement-count  src/main.rs  Component 'src' has 5000 statements (25%), exceeding threshold of 20%                                             https://github.com/liamwh/raff#statement-count 
──────────────────────────────────────────────────────────────────────────────────────────────────────────────────────────────────────────────────────────────────────────────────────────────────────────
 WARN      coupling         -            Crate 'domain' (I=0.25) depends on less stable crate 'api' (I=0.75), violating the Stable Dependencies Principle  https://github.com/liamwh/raff#module-coupling 
──────────────────────────────────────────────────────────────────────────────────────────────────────────────────────────────────────────────────────────────────────────────────────────────────────────
 WARN      volatility       -            Crate 'my-crate' has high volatility: raw_score=0.85 (alpha=0.01)                                                 https://github.com/liamwh/raff#volatility 
──────────────────────────────────────────────────────────────────────────────────────────────────────────────────────────────────────────────────────────────────────────────────────────────────────────
3 findings (1 error, 2 warnings, 0 notes)
