---
source: tests/cli_output_golden.rs
expression: output
---
───────────────────────────────────────────────────────────────────────────────────────────────────────────────────────────
 Severity                                         Rule         Location       Issue                          Action 
═══════════════════════════════════════════════════════════════════════════════════════════════════════════════════════════
 ERR                                              custom-rule  src/custom.rs  Custom rule detected an issue  See rule docs 
───────────────────────────────────────────────────────────────────────────────────────────────────────────────────────────
                                                                                                              
───────────────────────────────────────────────────────────────────────────────────────────────────────────────────────────
 Summary: 1 issue (1 error, 0 warnings, 0 notes)                                                              
───────────────────────────────────────────────────────────────────────────────────────────────────────────────────────────
