---
source: tests/cli_output_golden.rs
expression: output
---
───────────────────────────────────────────────────────────────────────────────────────────────────────────────────────────────────────────────────────────────────────────────
 Severity  Rule                Location          Issue                                                                       Action 
═══════════════════════════════════════════════════════════════════════════════════════════════════════════════════════════════════════════════════════════════════════════════
 NOTE      rust-code-analysis  src/processor.rs  Function 'process_data' has high cyclomatic complexity: 15 (threshold: 10)  https://github.com/liamwh/raff#rust-code-analysis 
───────────────────────────────────────────────────────────────────────────────────────────────────────────────────────────────────────────────────────────────────────────────
1 finding (0 errors, 0 warnings, 1 note)
