---
source: tests/cli_output_golden.rs
expression: output
---
─────────────────────────────────────────────────────────────────────────────────────────────────────────────────────────────────────────────────────────────────────────────────────────────────────────────
 Severity                                         Rule                Location          Issue                                                         Action 
═════════════════════════════════════════════════════════════════════════════════════════════════════════════════════════════════════════════════════════════════════════════════════════════════════════════
 NOTE                                             rust-code-analysis  src/processor.rs  Function 'process_data' has high cyclomatic complexity: 1...  https://github.com/liamwh/raff/docs/rust-code-analysis 
─────────────────────────────────────────────────────────────────────────────────────────────────────────────────────────────────────────────────────────────────────────────────────────────────────────────
                                                                                                                                                       
─────────────────────────────────────────────────────────────────────────────────────────────────────────────────────────────────────────────────────────────────────────────────────────────────────────────
 Summary: 1 issue (0 errors, 0 warnings, 1 note)                                                                                                       
─────────────────────────────────────────────────────────────────────────────────────────────────────────────────────────────────────────────────────────────────────────────────────────────────────────────
